2025-11-06 10:10:38,007 - INFO - Repo root: c:\Users\CelinaB\Documents\FHDW\Semester 5\Projekt Algorithmen\Viralytics\Viralitaetsanalyse
2025-11-06 10:10:38,008 - INFO - Features CSV: c:\Users\CelinaB\Documents\FHDW\Semester 5\Projekt Algorithmen\Viralytics\Viralitaetsanalyse\features\audio_features.csv
2025-11-06 10:10:38,009 - INFO - Plots dir: c:\Users\CelinaB\Documents\FHDW\Semester 5\Projekt Algorithmen\Viralytics\Viralitaetsanalyse\audio_Analyse\plots
2025-11-06 10:10:38,009 - INFO - EDA log: c:\Users\CelinaB\Documents\FHDW\Semester 5\Projekt Algorithmen\Viralytics\Viralitaetsanalyse\audio_Analyse\logs\eda.log
2025-11-06 10:10:38,047 - INFO - Loaded features: 197 rows, 21 columns
2025-11-06 10:10:38,149 - INFO - Wrote grouped summary to c:\Users\CelinaB\Documents\FHDW\Semester 5\Projekt Algorithmen\Viralytics\Viralitaetsanalyse\features\audio_features_eda_summary.csv
2025-11-06 10:27:14,087 - INFO - Repo root: c:\Users\CelinaB\Documents\FHDW\Semester 5\Projekt Algorithmen\Viralytics\Viralitaetsanalyse
2025-11-06 10:27:14,088 - INFO - Features CSV: c:\Users\CelinaB\Documents\FHDW\Semester 5\Projekt Algorithmen\Viralytics\Viralitaetsanalyse\features\audio_features.csv
2025-11-06 10:27:14,089 - INFO - Plots dir: c:\Users\CelinaB\Documents\FHDW\Semester 5\Projekt Algorithmen\Viralytics\Viralitaetsanalyse\audio_Analyse\plots
2025-11-06 10:27:14,090 - INFO - EDA log: c:\Users\CelinaB\Documents\FHDW\Semester 5\Projekt Algorithmen\Viralytics\Viralitaetsanalyse\audio_Analyse\logs\eda.log
2025-11-06 10:27:14,100 - INFO - Loaded features: 197 rows, 21 columns
2025-11-06 10:27:14,160 - INFO - Wrote grouped summary to c:\Users\CelinaB\Documents\FHDW\Semester 5\Projekt Algorithmen\Viralytics\Viralitaetsanalyse\features\audio_features_eda_summary.csv
2025-11-06 10:31:24,143 - INFO - Repo root: c:\Users\CelinaB\Documents\FHDW\Semester 5\Projekt Algorithmen\Viralytics\Viralitaetsanalyse
2025-11-06 10:31:24,144 - INFO - Features CSV: c:\Users\CelinaB\Documents\FHDW\Semester 5\Projekt Algorithmen\Viralytics\Viralitaetsanalyse\features\audio_features.csv
2025-11-06 10:31:24,144 - INFO - Plots dir: c:\Users\CelinaB\Documents\FHDW\Semester 5\Projekt Algorithmen\Viralytics\Viralitaetsanalyse\audio_Analyse\plots
2025-11-06 10:31:24,144 - INFO - EDA log: c:\Users\CelinaB\Documents\FHDW\Semester 5\Projekt Algorithmen\Viralytics\Viralitaetsanalyse\audio_Analyse\logs\eda.log
2025-11-06 10:31:24,155 - INFO - Loaded features: 197 rows, 21 columns
2025-11-06 10:31:24,202 - INFO - Wrote grouped summary to c:\Users\CelinaB\Documents\FHDW\Semester 5\Projekt Algorithmen\Viralytics\Viralitaetsanalyse\features\audio_features_eda_summary.csv
2025-11-06 10:32:29,682 - INFO - Repo root: c:\Users\CelinaB\Documents\FHDW\Semester 5\Projekt Algorithmen\Viralytics\Viralitaetsanalyse
2025-11-06 10:32:29,683 - INFO - Features CSV: c:\Users\CelinaB\Documents\FHDW\Semester 5\Projekt Algorithmen\Viralytics\Viralitaetsanalyse\features\audio_features.csv
2025-11-06 10:32:29,684 - INFO - Plots dir: c:\Users\CelinaB\Documents\FHDW\Semester 5\Projekt Algorithmen\Viralytics\Viralitaetsanalyse\audio_Analyse\plots
2025-11-06 10:32:29,685 - INFO - EDA log: c:\Users\CelinaB\Documents\FHDW\Semester 5\Projekt Algorithmen\Viralytics\Viralitaetsanalyse\audio_Analyse\logs\eda.log
2025-11-06 10:32:29,694 - INFO - Loaded features: 197 rows, 21 columns
2025-11-06 10:32:29,742 - INFO - Wrote grouped summary to c:\Users\CelinaB\Documents\FHDW\Semester 5\Projekt Algorithmen\Viralytics\Viralitaetsanalyse\features\audio_features_eda_summary.csv
2025-11-06 10:36:25,025 - INFO - Repo root: c:\Users\CelinaB\Documents\FHDW\Semester 5\Projekt Algorithmen\Viralytics\Viralitaetsanalyse
2025-11-06 10:36:25,026 - INFO - Features CSV: c:\Users\CelinaB\Documents\FHDW\Semester 5\Projekt Algorithmen\Viralytics\Viralitaetsanalyse\features\audio_features.csv
2025-11-06 10:36:25,026 - INFO - Plots dir: c:\Users\CelinaB\Documents\FHDW\Semester 5\Projekt Algorithmen\Viralytics\Viralitaetsanalyse\audio_Analyse\plots
2025-11-06 10:36:25,027 - INFO - EDA log: c:\Users\CelinaB\Documents\FHDW\Semester 5\Projekt Algorithmen\Viralytics\Viralitaetsanalyse\audio_Analyse\logs\eda.log
2025-11-06 10:36:25,039 - INFO - Loaded features: 197 rows, 21 columns
2025-11-06 10:36:25,086 - INFO - Wrote grouped summary to c:\Users\CelinaB\Documents\FHDW\Semester 5\Projekt Algorithmen\Viralytics\Viralitaetsanalyse\features\audio_features_eda_summary.csv
