2025-11-06 08:27:21,243 - INFO - Repo root: c:\Users\CelinaB\Documents\FHDW\Semester 5\Projekt Algorithmen\Viralytics\Viralitaetsanalyse
2025-11-06 08:27:21,244 - INFO - Video base: c:\Users\CelinaB\Documents\FHDW\Semester 5\Projekt Algorithmen\Viralytics\Viralitaetsanalyse\tiktok_100_vs_100
2025-11-06 08:27:21,245 - INFO - Output audio dir: c:\Users\CelinaB\Documents\FHDW\Semester 5\Projekt Algorithmen\Viralytics\Viralitaetsanalyse\data\processed\audio
2025-11-06 08:27:21,245 - INFO - Log file: c:\Users\CelinaB\Documents\FHDW\Semester 5\Projekt Algorithmen\Viralytics\Viralitaetsanalyse\audio_Analyse\logs\extraction.log
2025-11-06 08:27:22,112 - INFO - Found 197 video files to process
2025-11-06 08:27:24,030 - INFO - SUCCESS: c:\Users\CelinaB\Documents\FHDW\Semester 5\Projekt Algorithmen\Viralytics\Viralitaetsanalyse\tiktok_100_vs_100\Top_100\top_100_likes_339500_id_7498461301472070954.mp4 -> top_100_likes_339500_id_7498461301472070954.wav (OK)
2025-11-06 08:27:25,773 - INFO - SUCCESS: c:\Users\CelinaB\Documents\FHDW\Semester 5\Projekt Algorithmen\Viralytics\Viralitaetsanalyse\tiktok_100_vs_100\Top_100\top_10_likes_2000000_id_7219026508239686954.mp4 -> top_10_likes_2000000_id_7219026508239686954.wav (OK)
2025-11-06 08:27:27,596 - INFO - SUCCESS: c:\Users\CelinaB\Documents\FHDW\Semester 5\Projekt Algorithmen\Viralytics\Viralitaetsanalyse\tiktok_100_vs_100\Top_100\top_11_likes_2000000_id_7554767993666915615.mp4 -> top_11_likes_2000000_id_7554767993666915615.wav (OK)
2025-11-06 08:27:29,410 - INFO - SUCCESS: c:\Users\CelinaB\Documents\FHDW\Semester 5\Projekt Algorithmen\Viralytics\Viralitaetsanalyse\tiktok_100_vs_100\Top_100\top_12_likes_1900000_id_7556096007285591351.mp4 -> top_12_likes_1900000_id_7556096007285591351.wav (OK)
2025-11-06 08:27:31,238 - INFO - SUCCESS: c:\Users\CelinaB\Documents\FHDW\Semester 5\Projekt Algorithmen\Viralytics\Viralitaetsanalyse\tiktok_100_vs_100\Top_100\top_13_likes_1900000_id_7546069423900200247.mp4 -> top_13_likes_1900000_id_7546069423900200247.wav (OK)
2025-11-06 08:27:32,984 - INFO - SUCCESS: c:\Users\CelinaB\Documents\FHDW\Semester 5\Projekt Algorithmen\Viralytics\Viralitaetsanalyse\tiktok_100_vs_100\Top_100\top_14_likes_1900000_id_7400546786047298846.mp4 -> top_14_likes_1900000_id_7400546786047298846.wav (OK)
2025-11-06 08:27:34,732 - INFO - SUCCESS: c:\Users\CelinaB\Documents\FHDW\Semester 5\Projekt Algorithmen\Viralytics\Viralitaetsanalyse\tiktok_100_vs_100\Top_100\top_15_likes_1800000_id_7553396193309560071.mp4 -> top_15_likes_1800000_id_7553396193309560071.wav (OK)
2025-11-06 08:27:36,581 - INFO - SUCCESS: c:\Users\CelinaB\Documents\FHDW\Semester 5\Projekt Algorithmen\Viralytics\Viralitaetsanalyse\tiktok_100_vs_100\Top_100\top_16_likes_1700000_id_7481463647085088043.mp4 -> top_16_likes_1700000_id_7481463647085088043.wav (OK)
2025-11-06 08:27:38,399 - INFO - SUCCESS: c:\Users\CelinaB\Documents\FHDW\Semester 5\Projekt Algorithmen\Viralytics\Viralitaetsanalyse\tiktok_100_vs_100\Top_100\top_17_likes_1700000_id_7461348964126706987.mp4 -> top_17_likes_1700000_id_7461348964126706987.wav (OK)
2025-11-06 08:27:40,270 - INFO - SUCCESS: c:\Users\CelinaB\Documents\FHDW\Semester 5\Projekt Algorithmen\Viralytics\Viralitaetsanalyse\tiktok_100_vs_100\Top_100\top_18_likes_1700000_id_7461341656470637867.mp4 -> top_18_likes_1700000_id_7461341656470637867.wav (OK)
2025-11-06 08:27:42,095 - INFO - SUCCESS: c:\Users\CelinaB\Documents\FHDW\Semester 5\Projekt Algorithmen\Viralytics\Viralitaetsanalyse\tiktok_100_vs_100\Top_100\top_19_likes_1500000_id_7231352152743152942.mp4 -> top_19_likes_1500000_id_7231352152743152942.wav (OK)
2025-11-06 08:27:43,830 - INFO - SUCCESS: c:\Users\CelinaB\Documents\FHDW\Semester 5\Projekt Algorithmen\Viralytics\Viralitaetsanalyse\tiktok_100_vs_100\Top_100\top_1_likes_8500000_id_7461297586738154798.mp4 -> top_1_likes_8500000_id_7461297586738154798.wav (OK)
2025-11-06 08:27:45,673 - INFO - SUCCESS: c:\Users\CelinaB\Documents\FHDW\Semester 5\Projekt Algorithmen\Viralytics\Viralitaetsanalyse\tiktok_100_vs_100\Top_100\top_20_likes_1400000_id_7538184429018041621.mp4 -> top_20_likes_1400000_id_7538184429018041621.wav (OK)
2025-11-06 08:27:47,486 - INFO - SUCCESS: c:\Users\CelinaB\Documents\FHDW\Semester 5\Projekt Algorithmen\Viralytics\Viralitaetsanalyse\tiktok_100_vs_100\Top_100\top_21_likes_1400000_id_7516905495962209558.mp4 -> top_21_likes_1400000_id_7516905495962209558.wav (OK)
2025-11-06 08:27:49,302 - INFO - SUCCESS: c:\Users\CelinaB\Documents\FHDW\Semester 5\Projekt Algorithmen\Viralytics\Viralitaetsanalyse\tiktok_100_vs_100\Top_100\top_22_likes_1400000_id_7505030969712217366.mp4 -> top_22_likes_1400000_id_7505030969712217366.wav (OK)
2025-11-06 08:27:51,150 - INFO - SUCCESS: c:\Users\CelinaB\Documents\FHDW\Semester 5\Projekt Algorithmen\Viralytics\Viralitaetsanalyse\tiktok_100_vs_100\Top_100\top_23_likes_1400000_id_7477048558412139806.mp4 -> top_23_likes_1400000_id_7477048558412139806.wav (OK)
2025-11-06 08:27:52,868 - INFO - SUCCESS: c:\Users\CelinaB\Documents\FHDW\Semester 5\Projekt Algorithmen\Viralytics\Viralitaetsanalyse\tiktok_100_vs_100\Top_100\top_24_likes_1400000_id_7461455484957216046.mp4 -> top_24_likes_1400000_id_7461455484957216046.wav (OK)
2025-11-06 08:27:54,913 - INFO - SUCCESS: c:\Users\CelinaB\Documents\FHDW\Semester 5\Projekt Algorithmen\Viralytics\Viralitaetsanalyse\tiktok_100_vs_100\Top_100\top_25_likes_1400000_id_7491859948490607918.mp4 -> top_25_likes_1400000_id_7491859948490607918.wav (OK)
2025-11-06 08:27:56,781 - INFO - SUCCESS: c:\Users\CelinaB\Documents\FHDW\Semester 5\Projekt Algorithmen\Viralytics\Viralitaetsanalyse\tiktok_100_vs_100\Top_100\top_26_likes_1300000_id_7494637665753713942.mp4 -> top_26_likes_1300000_id_7494637665753713942.wav (OK)
2025-11-06 08:27:58,525 - INFO - SUCCESS: c:\Users\CelinaB\Documents\FHDW\Semester 5\Projekt Algorithmen\Viralytics\Viralitaetsanalyse\tiktok_100_vs_100\Top_100\top_27_likes_1300000_id_7481081623962733867.mp4 -> top_27_likes_1300000_id_7481081623962733867.wav (OK)
2025-11-06 08:28:00,280 - INFO - SUCCESS: c:\Users\CelinaB\Documents\FHDW\Semester 5\Projekt Algorithmen\Viralytics\Viralitaetsanalyse\tiktok_100_vs_100\Top_100\top_28_likes_1300000_id_7545647280955690253.mp4 -> top_28_likes_1300000_id_7545647280955690253.wav (OK)
2025-11-06 08:28:02,111 - INFO - SUCCESS: c:\Users\CelinaB\Documents\FHDW\Semester 5\Projekt Algorithmen\Viralytics\Viralitaetsanalyse\tiktok_100_vs_100\Top_100\top_29_likes_1100000_id_7498051752504151339.mp4 -> top_29_likes_1100000_id_7498051752504151339.wav (OK)
2025-11-06 08:28:03,910 - INFO - SUCCESS: c:\Users\CelinaB\Documents\FHDW\Semester 5\Projekt Algorithmen\Viralytics\Viralitaetsanalyse\tiktok_100_vs_100\Top_100\top_2_likes_7000000_id_7544520710744558903.mp4 -> top_2_likes_7000000_id_7544520710744558903.wav (OK)
2025-11-06 08:28:05,999 - INFO - SUCCESS: c:\Users\CelinaB\Documents\FHDW\Semester 5\Projekt Algorithmen\Viralytics\Viralitaetsanalyse\tiktok_100_vs_100\Top_100\top_30_likes_986000_id_7551930941900360981.mp4 -> top_30_likes_986000_id_7551930941900360981.wav (OK)
2025-11-06 08:28:07,723 - INFO - SUCCESS: c:\Users\CelinaB\Documents\FHDW\Semester 5\Projekt Algorithmen\Viralytics\Viralitaetsanalyse\tiktok_100_vs_100\Top_100\top_31_likes_980000_id_7533694357220707605.mp4 -> top_31_likes_980000_id_7533694357220707605.wav (OK)
2025-11-06 08:28:10,616 - INFO - SUCCESS: c:\Users\CelinaB\Documents\FHDW\Semester 5\Projekt Algorithmen\Viralytics\Viralitaetsanalyse\tiktok_100_vs_100\Top_100\top_32_likes_1000000_id_7556001068405050638.mp4 -> top_32_likes_1000000_id_7556001068405050638.wav (OK)
2025-11-06 08:28:12,394 - INFO - SUCCESS: c:\Users\CelinaB\Documents\FHDW\Semester 5\Projekt Algorithmen\Viralytics\Viralitaetsanalyse\tiktok_100_vs_100\Top_100\top_33_likes_1000000_id_7556023299734605111.mp4 -> top_33_likes_1000000_id_7556023299734605111.wav (OK)
2025-11-06 08:28:14,265 - INFO - SUCCESS: c:\Users\CelinaB\Documents\FHDW\Semester 5\Projekt Algorithmen\Viralytics\Viralitaetsanalyse\tiktok_100_vs_100\Top_100\top_34_likes_977600_id_7555647477790035208.mp4 -> top_34_likes_977600_id_7555647477790035208.wav (OK)
2025-11-06 08:28:16,151 - INFO - SUCCESS: c:\Users\CelinaB\Documents\FHDW\Semester 5\Projekt Algorithmen\Viralytics\Viralitaetsanalyse\tiktok_100_vs_100\Top_100\top_35_likes_989400_id_7556996890223463735.mp4 -> top_35_likes_989400_id_7556996890223463735.wav (OK)
2025-11-06 08:28:18,120 - INFO - SUCCESS: c:\Users\CelinaB\Documents\FHDW\Semester 5\Projekt Algorithmen\Viralytics\Viralitaetsanalyse\tiktok_100_vs_100\Top_100\top_36_likes_979300_id_7500017699733425438.mp4 -> top_36_likes_979300_id_7500017699733425438.wav (OK)
2025-11-06 08:28:19,937 - INFO - SUCCESS: c:\Users\CelinaB\Documents\FHDW\Semester 5\Projekt Algorithmen\Viralytics\Viralitaetsanalyse\tiktok_100_vs_100\Top_100\top_37_likes_979100_id_7561038181563419959.mp4 -> top_37_likes_979100_id_7561038181563419959.wav (OK)
2025-11-06 08:28:21,776 - INFO - SUCCESS: c:\Users\CelinaB\Documents\FHDW\Semester 5\Projekt Algorithmen\Viralytics\Viralitaetsanalyse\tiktok_100_vs_100\Top_100\top_38_likes_926700_id_7521737810315939085.mp4 -> top_38_likes_926700_id_7521737810315939085.wav (OK)
2025-11-06 08:28:23,647 - INFO - SUCCESS: c:\Users\CelinaB\Documents\FHDW\Semester 5\Projekt Algorithmen\Viralytics\Viralitaetsanalyse\tiktok_100_vs_100\Top_100\top_39_likes_865900_id_7528483160141597982.mp4 -> top_39_likes_865900_id_7528483160141597982.wav (OK)
2025-11-06 08:28:25,443 - INFO - SUCCESS: c:\Users\CelinaB\Documents\FHDW\Semester 5\Projekt Algorithmen\Viralytics\Viralitaetsanalyse\tiktok_100_vs_100\Top_100\top_3_likes_4300000_id_7538167343642397973.mp4 -> top_3_likes_4300000_id_7538167343642397973.wav (OK)
2025-11-06 08:28:27,207 - INFO - SUCCESS: c:\Users\CelinaB\Documents\FHDW\Semester 5\Projekt Algorithmen\Viralytics\Viralitaetsanalyse\tiktok_100_vs_100\Top_100\top_40_likes_888800_id_7546649356707876109.mp4 -> top_40_likes_888800_id_7546649356707876109.wav (OK)
2025-11-06 08:28:29,070 - INFO - SUCCESS: c:\Users\CelinaB\Documents\FHDW\Semester 5\Projekt Algorithmen\Viralytics\Viralitaetsanalyse\tiktok_100_vs_100\Top_100\top_41_likes_869200_id_7527278440291126550.mp4 -> top_41_likes_869200_id_7527278440291126550.wav (OK)
2025-11-06 08:28:30,876 - INFO - SUCCESS: c:\Users\CelinaB\Documents\FHDW\Semester 5\Projekt Algorithmen\Viralytics\Viralitaetsanalyse\tiktok_100_vs_100\Top_100\top_42_likes_874700_id_7542236120256482574.mp4 -> top_42_likes_874700_id_7542236120256482574.wav (OK)
2025-11-06 08:28:32,845 - INFO - SUCCESS: c:\Users\CelinaB\Documents\FHDW\Semester 5\Projekt Algorithmen\Viralytics\Viralitaetsanalyse\tiktok_100_vs_100\Top_100\top_43_likes_822300_id_7493024973506792746.mp4 -> top_43_likes_822300_id_7493024973506792746.wav (OK)
2025-11-06 08:28:34,577 - INFO - SUCCESS: c:\Users\CelinaB\Documents\FHDW\Semester 5\Projekt Algorithmen\Viralytics\Viralitaetsanalyse\tiktok_100_vs_100\Top_100\top_44_likes_778900_id_7552333719219031314.mp4 -> top_44_likes_778900_id_7552333719219031314.wav (OK)
2025-11-06 08:28:36,249 - INFO - SUCCESS: c:\Users\CelinaB\Documents\FHDW\Semester 5\Projekt Algorithmen\Viralytics\Viralitaetsanalyse\tiktok_100_vs_100\Top_100\top_45_likes_780200_id_7548598130665622804.mp4 -> top_45_likes_780200_id_7548598130665622804.wav (OK)
2025-11-06 08:28:37,946 - INFO - SUCCESS: c:\Users\CelinaB\Documents\FHDW\Semester 5\Projekt Algorithmen\Viralytics\Viralitaetsanalyse\tiktok_100_vs_100\Top_100\top_46_likes_767900_id_7553465778972937479.mp4 -> top_46_likes_767900_id_7553465778972937479.wav (OK)
2025-11-06 08:28:40,032 - INFO - SUCCESS: c:\Users\CelinaB\Documents\FHDW\Semester 5\Projekt Algorithmen\Viralytics\Viralitaetsanalyse\tiktok_100_vs_100\Top_100\top_47_likes_769700_id_7541499742363110663.mp4 -> top_47_likes_769700_id_7541499742363110663.wav (OK)
2025-11-06 08:28:41,988 - INFO - SUCCESS: c:\Users\CelinaB\Documents\FHDW\Semester 5\Projekt Algorithmen\Viralytics\Viralitaetsanalyse\tiktok_100_vs_100\Top_100\top_48_likes_756500_id_7503547470006226198.mp4 -> top_48_likes_756500_id_7503547470006226198.wav (OK)
2025-11-06 08:28:43,689 - INFO - SUCCESS: c:\Users\CelinaB\Documents\FHDW\Semester 5\Projekt Algorithmen\Viralytics\Viralitaetsanalyse\tiktok_100_vs_100\Top_100\top_49_likes_756800_id_7513647103558585643.mp4 -> top_49_likes_756800_id_7513647103558585643.wav (OK)
2025-11-06 08:28:45,350 - INFO - SUCCESS: c:\Users\CelinaB\Documents\FHDW\Semester 5\Projekt Algorithmen\Viralytics\Viralitaetsanalyse\tiktok_100_vs_100\Top_100\top_4_likes_3700000_id_7515083249782181163.mp4 -> top_4_likes_3700000_id_7515083249782181163.wav (OK)
2025-11-06 08:28:47,101 - INFO - SUCCESS: c:\Users\CelinaB\Documents\FHDW\Semester 5\Projekt Algorithmen\Viralytics\Viralitaetsanalyse\tiktok_100_vs_100\Top_100\top_50_likes_737800_id_7553438363085245703.mp4 -> top_50_likes_737800_id_7553438363085245703.wav (OK)
2025-11-06 08:28:48,927 - INFO - SUCCESS: c:\Users\CelinaB\Documents\FHDW\Semester 5\Projekt Algorithmen\Viralytics\Viralitaetsanalyse\tiktok_100_vs_100\Top_100\top_51_likes_747700_id_7562737445322706184.mp4 -> top_51_likes_747700_id_7562737445322706184.wav (OK)
2025-11-06 08:28:50,895 - INFO - SUCCESS: c:\Users\CelinaB\Documents\FHDW\Semester 5\Projekt Algorithmen\Viralytics\Viralitaetsanalyse\tiktok_100_vs_100\Top_100\top_52_likes_720500_id_7511706784608898326.mp4 -> top_52_likes_720500_id_7511706784608898326.wav (OK)
2025-11-06 08:28:53,121 - INFO - SUCCESS: c:\Users\CelinaB\Documents\FHDW\Semester 5\Projekt Algorithmen\Viralytics\Viralitaetsanalyse\tiktok_100_vs_100\Top_100\top_53_likes_729700_id_7542648831586880823.mp4 -> top_53_likes_729700_id_7542648831586880823.wav (OK)
2025-11-06 08:28:55,645 - INFO - SUCCESS: c:\Users\CelinaB\Documents\FHDW\Semester 5\Projekt Algorithmen\Viralytics\Viralitaetsanalyse\tiktok_100_vs_100\Top_100\top_54_likes_722900_id_7548194770137500941.mp4 -> top_54_likes_722900_id_7548194770137500941.wav (OK)
2025-11-06 08:28:57,471 - INFO - SUCCESS: c:\Users\CelinaB\Documents\FHDW\Semester 5\Projekt Algorithmen\Viralytics\Viralitaetsanalyse\tiktok_100_vs_100\Top_100\top_55_likes_726800_id_7556358877843868941.mp4 -> top_55_likes_726800_id_7556358877843868941.wav (OK)
2025-11-06 08:28:59,389 - INFO - SUCCESS: c:\Users\CelinaB\Documents\FHDW\Semester 5\Projekt Algorithmen\Viralytics\Viralitaetsanalyse\tiktok_100_vs_100\Top_100\top_56_likes_715500_id_7541415269642652941.mp4 -> top_56_likes_715500_id_7541415269642652941.wav (OK)
2025-11-06 08:29:01,425 - INFO - SUCCESS: c:\Users\CelinaB\Documents\FHDW\Semester 5\Projekt Algorithmen\Viralytics\Viralitaetsanalyse\tiktok_100_vs_100\Top_100\top_57_likes_701500_id_7553724721108389133.mp4 -> top_57_likes_701500_id_7553724721108389133.wav (OK)
2025-11-06 08:29:03,199 - INFO - SUCCESS: c:\Users\CelinaB\Documents\FHDW\Semester 5\Projekt Algorithmen\Viralytics\Viralitaetsanalyse\tiktok_100_vs_100\Top_100\top_58_likes_656000_id_7533687190707047701.mp4 -> top_58_likes_656000_id_7533687190707047701.wav (OK)
2025-11-06 08:29:04,931 - INFO - SUCCESS: c:\Users\CelinaB\Documents\FHDW\Semester 5\Projekt Algorithmen\Viralytics\Viralitaetsanalyse\tiktok_100_vs_100\Top_100\top_59_likes_661500_id_7552941212647361800.mp4 -> top_59_likes_661500_id_7552941212647361800.wav (OK)
2025-11-06 08:29:06,921 - INFO - SUCCESS: c:\Users\CelinaB\Documents\FHDW\Semester 5\Projekt Algorithmen\Viralytics\Viralitaetsanalyse\tiktok_100_vs_100\Top_100\top_5_likes_3100000_id_7532593973144210743.mp4 -> top_5_likes_3100000_id_7532593973144210743.wav (OK)
2025-11-06 08:29:08,817 - INFO - SUCCESS: c:\Users\CelinaB\Documents\FHDW\Semester 5\Projekt Algorithmen\Viralytics\Viralitaetsanalyse\tiktok_100_vs_100\Top_100\top_60_likes_669700_id_7560100504492150030.mp4 -> top_60_likes_669700_id_7560100504492150030.wav (OK)
2025-11-06 08:29:10,689 - INFO - SUCCESS: c:\Users\CelinaB\Documents\FHDW\Semester 5\Projekt Algorithmen\Viralytics\Viralitaetsanalyse\tiktok_100_vs_100\Top_100\top_61_likes_630400_id_7501786655280336150.mp4 -> top_61_likes_630400_id_7501786655280336150.wav (OK)
2025-11-06 08:29:12,528 - INFO - SUCCESS: c:\Users\CelinaB\Documents\FHDW\Semester 5\Projekt Algorithmen\Viralytics\Viralitaetsanalyse\tiktok_100_vs_100\Top_100\top_62_likes_615500_id_7539684741776248119.mp4 -> top_62_likes_615500_id_7539684741776248119.wav (OK)
2025-11-06 08:29:14,483 - INFO - SUCCESS: c:\Users\CelinaB\Documents\FHDW\Semester 5\Projekt Algorithmen\Viralytics\Viralitaetsanalyse\tiktok_100_vs_100\Top_100\top_63_likes_579800_id_7538431890357865750.mp4 -> top_63_likes_579800_id_7538431890357865750.wav (OK)
2025-11-06 08:29:16,348 - INFO - SUCCESS: c:\Users\CelinaB\Documents\FHDW\Semester 5\Projekt Algorithmen\Viralytics\Viralitaetsanalyse\tiktok_100_vs_100\Top_100\top_64_likes_601600_id_7491043786580135214.mp4 -> top_64_likes_601600_id_7491043786580135214.wav (OK)
2025-11-06 08:29:18,137 - INFO - SUCCESS: c:\Users\CelinaB\Documents\FHDW\Semester 5\Projekt Algorithmen\Viralytics\Viralitaetsanalyse\tiktok_100_vs_100\Top_100\top_65_likes_572600_id_7541312762547408183.mp4 -> top_65_likes_572600_id_7541312762547408183.wav (OK)
2025-11-06 08:29:19,967 - INFO - SUCCESS: c:\Users\CelinaB\Documents\FHDW\Semester 5\Projekt Algorithmen\Viralytics\Viralitaetsanalyse\tiktok_100_vs_100\Top_100\top_66_likes_606500_id_7551538774350515511.mp4 -> top_66_likes_606500_id_7551538774350515511.wav (OK)
2025-11-06 08:29:21,691 - INFO - SUCCESS: c:\Users\CelinaB\Documents\FHDW\Semester 5\Projekt Algorithmen\Viralytics\Viralitaetsanalyse\tiktok_100_vs_100\Top_100\top_67_likes_585900_id_7531096947776671006.mp4 -> top_67_likes_585900_id_7531096947776671006.wav (OK)
2025-11-06 08:29:24,530 - INFO - SUCCESS: c:\Users\CelinaB\Documents\FHDW\Semester 5\Projekt Algorithmen\Viralytics\Viralitaetsanalyse\tiktok_100_vs_100\Top_100\top_68_likes_572200_id_7559378658817854775.mp4 -> top_68_likes_572200_id_7559378658817854775.wav (OK)
2025-11-06 08:29:26,421 - INFO - SUCCESS: c:\Users\CelinaB\Documents\FHDW\Semester 5\Projekt Algorithmen\Viralytics\Viralitaetsanalyse\tiktok_100_vs_100\Top_100\top_69_likes_563200_id_7553427159684156690.mp4 -> top_69_likes_563200_id_7553427159684156690.wav (OK)
2025-11-06 08:29:28,262 - INFO - SUCCESS: c:\Users\CelinaB\Documents\FHDW\Semester 5\Projekt Algorithmen\Viralytics\Viralitaetsanalyse\tiktok_100_vs_100\Top_100\top_6_likes_2200000_id_7538179148267703572.mp4 -> top_6_likes_2200000_id_7538179148267703572.wav (OK)
2025-11-06 08:29:30,083 - INFO - SUCCESS: c:\Users\CelinaB\Documents\FHDW\Semester 5\Projekt Algorithmen\Viralytics\Viralitaetsanalyse\tiktok_100_vs_100\Top_100\top_70_likes_535000_id_7528058390535310605.mp4 -> top_70_likes_535000_id_7528058390535310605.wav (OK)
2025-11-06 08:29:31,890 - INFO - SUCCESS: c:\Users\CelinaB\Documents\FHDW\Semester 5\Projekt Algorithmen\Viralytics\Viralitaetsanalyse\tiktok_100_vs_100\Top_100\top_71_likes_513600_id_7553827710083009799.mp4 -> top_71_likes_513600_id_7553827710083009799.wav (OK)
2025-11-06 08:29:33,683 - INFO - SUCCESS: c:\Users\CelinaB\Documents\FHDW\Semester 5\Projekt Algorithmen\Viralytics\Viralitaetsanalyse\tiktok_100_vs_100\Top_100\top_72_likes_501900_id_7456887093139164458.mp4 -> top_72_likes_501900_id_7456887093139164458.wav (OK)
2025-11-06 08:29:35,709 - INFO - SUCCESS: c:\Users\CelinaB\Documents\FHDW\Semester 5\Projekt Algorithmen\Viralytics\Viralitaetsanalyse\tiktok_100_vs_100\Top_100\top_73_likes_489400_id_7497125916095860014.mp4 -> top_73_likes_489400_id_7497125916095860014.wav (OK)
2025-11-06 08:29:38,308 - INFO - SUCCESS: c:\Users\CelinaB\Documents\FHDW\Semester 5\Projekt Algorithmen\Viralytics\Viralitaetsanalyse\tiktok_100_vs_100\Top_100\top_74_likes_493300_id_7561159008074124558.mp4 -> top_74_likes_493300_id_7561159008074124558.wav (OK)
2025-11-06 08:29:40,232 - INFO - SUCCESS: c:\Users\CelinaB\Documents\FHDW\Semester 5\Projekt Algorithmen\Viralytics\Viralitaetsanalyse\tiktok_100_vs_100\Top_100\top_75_likes_475700_id_7518015832954326294.mp4 -> top_75_likes_475700_id_7518015832954326294.wav (OK)
2025-11-06 08:29:42,101 - INFO - SUCCESS: c:\Users\CelinaB\Documents\FHDW\Semester 5\Projekt Algorithmen\Viralytics\Viralitaetsanalyse\tiktok_100_vs_100\Top_100\top_76_likes_487100_id_7513391798920989998.mp4 -> top_76_likes_487100_id_7513391798920989998.wav (OK)
2025-11-06 08:29:43,884 - INFO - SUCCESS: c:\Users\CelinaB\Documents\FHDW\Semester 5\Projekt Algorithmen\Viralytics\Viralitaetsanalyse\tiktok_100_vs_100\Top_100\top_77_likes_476200_id_7552328634359368981.mp4 -> top_77_likes_476200_id_7552328634359368981.wav (OK)
2025-11-06 08:29:46,001 - INFO - SUCCESS: c:\Users\CelinaB\Documents\FHDW\Semester 5\Projekt Algorithmen\Viralytics\Viralitaetsanalyse\tiktok_100_vs_100\Top_100\top_78_likes_473800_id_7558622926065519885.mp4 -> top_78_likes_473800_id_7558622926065519885.wav (OK)
2025-11-06 08:29:47,881 - INFO - SUCCESS: c:\Users\CelinaB\Documents\FHDW\Semester 5\Projekt Algorithmen\Viralytics\Viralitaetsanalyse\tiktok_100_vs_100\Top_100\top_79_likes_457900_id_7561418302761766166.mp4 -> top_79_likes_457900_id_7561418302761766166.wav (OK)
2025-11-06 08:29:49,745 - INFO - SUCCESS: c:\Users\CelinaB\Documents\FHDW\Semester 5\Projekt Algorithmen\Viralytics\Viralitaetsanalyse\tiktok_100_vs_100\Top_100\top_7_likes_2200000_id_7554865877619969294.mp4 -> top_7_likes_2200000_id_7554865877619969294.wav (OK)
2025-11-06 08:29:51,694 - INFO - SUCCESS: c:\Users\CelinaB\Documents\FHDW\Semester 5\Projekt Algorithmen\Viralytics\Viralitaetsanalyse\tiktok_100_vs_100\Top_100\top_80_likes_458400_id_7560178872621288718.mp4 -> top_80_likes_458400_id_7560178872621288718.wav (OK)
2025-11-06 08:29:53,821 - INFO - SUCCESS: c:\Users\CelinaB\Documents\FHDW\Semester 5\Projekt Algorithmen\Viralytics\Viralitaetsanalyse\tiktok_100_vs_100\Top_100\top_81_likes_439100_id_7530978492717190455.mp4 -> top_81_likes_439100_id_7530978492717190455.wav (OK)
2025-11-06 08:29:55,782 - INFO - SUCCESS: c:\Users\CelinaB\Documents\FHDW\Semester 5\Projekt Algorithmen\Viralytics\Viralitaetsanalyse\tiktok_100_vs_100\Top_100\top_82_likes_430400_id_7552180816277769486.mp4 -> top_82_likes_430400_id_7552180816277769486.wav (OK)
2025-11-06 08:29:57,465 - INFO - SUCCESS: c:\Users\CelinaB\Documents\FHDW\Semester 5\Projekt Algorithmen\Viralytics\Viralitaetsanalyse\tiktok_100_vs_100\Top_100\top_83_likes_416600_id_7535822781108194582.mp4 -> top_83_likes_416600_id_7535822781108194582.wav (OK)
2025-11-06 08:29:59,326 - INFO - SUCCESS: c:\Users\CelinaB\Documents\FHDW\Semester 5\Projekt Algorithmen\Viralytics\Viralitaetsanalyse\tiktok_100_vs_100\Top_100\top_84_likes_409900_id_7524695285293993238.mp4 -> top_84_likes_409900_id_7524695285293993238.wav (OK)
2025-11-06 08:30:01,286 - INFO - SUCCESS: c:\Users\CelinaB\Documents\FHDW\Semester 5\Projekt Algorithmen\Viralytics\Viralitaetsanalyse\tiktok_100_vs_100\Top_100\top_85_likes_401500_id_7530273378234649878.mp4 -> top_85_likes_401500_id_7530273378234649878.wav (OK)
2025-11-06 08:30:03,142 - INFO - SUCCESS: c:\Users\CelinaB\Documents\FHDW\Semester 5\Projekt Algorithmen\Viralytics\Viralitaetsanalyse\tiktok_100_vs_100\Top_100\top_86_likes_412100_id_7561459495809846542.mp4 -> top_86_likes_412100_id_7561459495809846542.wav (OK)
2025-11-06 08:30:04,911 - INFO - SUCCESS: c:\Users\CelinaB\Documents\FHDW\Semester 5\Projekt Algorithmen\Viralytics\Viralitaetsanalyse\tiktok_100_vs_100\Top_100\top_87_likes_413000_id_7562270156576148750.mp4 -> top_87_likes_413000_id_7562270156576148750.wav (OK)
2025-11-06 08:30:06,938 - INFO - SUCCESS: c:\Users\CelinaB\Documents\FHDW\Semester 5\Projekt Algorithmen\Viralytics\Viralitaetsanalyse\tiktok_100_vs_100\Top_100\top_88_likes_400000_id_7552987068071267591.mp4 -> top_88_likes_400000_id_7552987068071267591.wav (OK)
2025-11-06 08:30:08,675 - INFO - SUCCESS: c:\Users\CelinaB\Documents\FHDW\Semester 5\Projekt Algorithmen\Viralytics\Viralitaetsanalyse\tiktok_100_vs_100\Top_100\top_89_likes_400100_id_7554814344748354830.mp4 -> top_89_likes_400100_id_7554814344748354830.wav (OK)
2025-11-06 08:30:10,308 - INFO - SUCCESS: c:\Users\CelinaB\Documents\FHDW\Semester 5\Projekt Algorithmen\Viralytics\Viralitaetsanalyse\tiktok_100_vs_100\Top_100\top_8_likes_2100000_id_7552319522443709716.mp4 -> top_8_likes_2100000_id_7552319522443709716.wav (OK)
2025-11-06 08:30:12,935 - INFO - SUCCESS: c:\Users\CelinaB\Documents\FHDW\Semester 5\Projekt Algorithmen\Viralytics\Viralitaetsanalyse\tiktok_100_vs_100\Top_100\top_90_likes_388200_id_7543753322679864589.mp4 -> top_90_likes_388200_id_7543753322679864589.wav (OK)
2025-11-06 08:30:14,849 - INFO - SUCCESS: c:\Users\CelinaB\Documents\FHDW\Semester 5\Projekt Algorithmen\Viralytics\Viralitaetsanalyse\tiktok_100_vs_100\Top_100\top_91_likes_387800_id_7546980162093534478.mp4 -> top_91_likes_387800_id_7546980162093534478.wav (OK)
2025-11-06 08:30:16,663 - INFO - SUCCESS: c:\Users\CelinaB\Documents\FHDW\Semester 5\Projekt Algorithmen\Viralytics\Viralitaetsanalyse\tiktok_100_vs_100\Top_100\top_92_likes_373200_id_7550956666187975991.mp4 -> top_92_likes_373200_id_7550956666187975991.wav (OK)
2025-11-06 08:30:18,528 - INFO - SUCCESS: c:\Users\CelinaB\Documents\FHDW\Semester 5\Projekt Algorithmen\Viralytics\Viralitaetsanalyse\tiktok_100_vs_100\Top_100\top_93_likes_371700_id_7562727779981135159.mp4 -> top_93_likes_371700_id_7562727779981135159.wav (OK)
2025-11-06 08:30:20,263 - INFO - SUCCESS: c:\Users\CelinaB\Documents\FHDW\Semester 5\Projekt Algorithmen\Viralytics\Viralitaetsanalyse\tiktok_100_vs_100\Top_100\top_94_likes_371900_id_7515067489852673323.mp4 -> top_94_likes_371900_id_7515067489852673323.wav (OK)
2025-11-06 08:30:22,560 - INFO - SUCCESS: c:\Users\CelinaB\Documents\FHDW\Semester 5\Projekt Algorithmen\Viralytics\Viralitaetsanalyse\tiktok_100_vs_100\Top_100\top_95_likes_367000_id_7547911100520467725.mp4 -> top_95_likes_367000_id_7547911100520467725.wav (OK)
2025-11-06 08:30:24,577 - INFO - SUCCESS: c:\Users\CelinaB\Documents\FHDW\Semester 5\Projekt Algorithmen\Viralytics\Viralitaetsanalyse\tiktok_100_vs_100\Top_100\top_96_likes_365300_id_7560113050100043026.mp4 -> top_96_likes_365300_id_7560113050100043026.wav (OK)
2025-11-06 08:30:26,385 - INFO - SUCCESS: c:\Users\CelinaB\Documents\FHDW\Semester 5\Projekt Algorithmen\Viralytics\Viralitaetsanalyse\tiktok_100_vs_100\Top_100\top_97_likes_341000_id_7532465100771413270.mp4 -> top_97_likes_341000_id_7532465100771413270.wav (OK)
2025-11-06 08:30:28,229 - INFO - SUCCESS: c:\Users\CelinaB\Documents\FHDW\Semester 5\Projekt Algorithmen\Viralytics\Viralitaetsanalyse\tiktok_100_vs_100\Top_100\top_98_likes_343800_id_7522839955991956759.mp4 -> top_98_likes_343800_id_7522839955991956759.wav (OK)
2025-11-06 08:30:30,193 - INFO - SUCCESS: c:\Users\CelinaB\Documents\FHDW\Semester 5\Projekt Algorithmen\Viralytics\Viralitaetsanalyse\tiktok_100_vs_100\Top_100\top_99_likes_331300_id_7520613613476826390.mp4 -> top_99_likes_331300_id_7520613613476826390.wav (OK)
2025-11-06 08:30:31,963 - INFO - SUCCESS: c:\Users\CelinaB\Documents\FHDW\Semester 5\Projekt Algorithmen\Viralytics\Viralitaetsanalyse\tiktok_100_vs_100\Top_100\top_9_likes_2000000_id_7538175287809379604.mp4 -> top_9_likes_2000000_id_7538175287809379604.wav (OK)
2025-11-06 08:30:34,039 - INFO - SUCCESS: c:\Users\CelinaB\Documents\FHDW\Semester 5\Projekt Algorithmen\Viralytics\Viralitaetsanalyse\tiktok_100_vs_100\Normal_100\normal_100_likes_22500_id_7516938565066951991.mp4 -> normal_100_likes_22500_id_7516938565066951991.wav (OK)
2025-11-06 08:30:35,804 - INFO - SUCCESS: c:\Users\CelinaB\Documents\FHDW\Semester 5\Projekt Algorithmen\Viralytics\Viralitaetsanalyse\tiktok_100_vs_100\Normal_100\normal_10_likes_83700_id_7546779048593181965.mp4 -> normal_10_likes_83700_id_7546779048593181965.wav (OK)
2025-11-06 08:30:37,639 - INFO - SUCCESS: c:\Users\CelinaB\Documents\FHDW\Semester 5\Projekt Algorithmen\Viralytics\Viralitaetsanalyse\tiktok_100_vs_100\Normal_100\normal_11_likes_30500_id_7559969376590515470.mp4 -> normal_11_likes_30500_id_7559969376590515470.wav (OK)
2025-11-06 08:30:39,494 - INFO - SUCCESS: c:\Users\CelinaB\Documents\FHDW\Semester 5\Projekt Algorithmen\Viralytics\Viralitaetsanalyse\tiktok_100_vs_100\Normal_100\normal_12_likes_51000_id_7557068031394991415.mp4 -> normal_12_likes_51000_id_7557068031394991415.wav (OK)
2025-11-06 08:30:41,279 - INFO - SUCCESS: c:\Users\CelinaB\Documents\FHDW\Semester 5\Projekt Algorithmen\Viralytics\Viralitaetsanalyse\tiktok_100_vs_100\Normal_100\normal_13_likes_14100_id_7564088602234309918.mp4 -> normal_13_likes_14100_id_7564088602234309918.wav (OK)
2025-11-06 08:30:43,473 - INFO - SUCCESS: c:\Users\CelinaB\Documents\FHDW\Semester 5\Projekt Algorithmen\Viralytics\Viralitaetsanalyse\tiktok_100_vs_100\Normal_100\normal_14_likes_78900_id_7439471913715485998.mp4 -> normal_14_likes_78900_id_7439471913715485998.wav (OK)
2025-11-06 08:30:45,286 - INFO - SUCCESS: c:\Users\CelinaB\Documents\FHDW\Semester 5\Projekt Algorithmen\Viralytics\Viralitaetsanalyse\tiktok_100_vs_100\Normal_100\normal_15_likes_61700_id_7558916935388335374.mp4 -> normal_15_likes_61700_id_7558916935388335374.wav (OK)
2025-11-06 08:30:46,959 - INFO - SUCCESS: c:\Users\CelinaB\Documents\FHDW\Semester 5\Projekt Algorithmen\Viralytics\Viralitaetsanalyse\tiktok_100_vs_100\Normal_100\normal_16_likes_16300_id_7556493693121744142.mp4 -> normal_16_likes_16300_id_7556493693121744142.wav (OK)
2025-11-06 08:30:48,707 - INFO - SUCCESS: c:\Users\CelinaB\Documents\FHDW\Semester 5\Projekt Algorithmen\Viralytics\Viralitaetsanalyse\tiktok_100_vs_100\Normal_100\normal_17_likes_91400_id_7538643019420142903.mp4 -> normal_17_likes_91400_id_7538643019420142903.wav (OK)
2025-11-06 08:30:50,534 - INFO - SUCCESS: c:\Users\CelinaB\Documents\FHDW\Semester 5\Projekt Algorithmen\Viralytics\Viralitaetsanalyse\tiktok_100_vs_100\Normal_100\normal_18_likes_26500_id_7413886018639744286.mp4 -> normal_18_likes_26500_id_7413886018639744286.wav (OK)
2025-11-06 08:30:52,325 - INFO - SUCCESS: c:\Users\CelinaB\Documents\FHDW\Semester 5\Projekt Algorithmen\Viralytics\Viralitaetsanalyse\tiktok_100_vs_100\Normal_100\normal_19_likes_17300_id_7556592560974646541.mp4 -> normal_19_likes_17300_id_7556592560974646541.wav (OK)
2025-11-06 08:30:54,318 - INFO - SUCCESS: c:\Users\CelinaB\Documents\FHDW\Semester 5\Projekt Algorithmen\Viralytics\Viralitaetsanalyse\tiktok_100_vs_100\Normal_100\normal_1_likes_76400_id_7549938079100931341.mp4 -> normal_1_likes_76400_id_7549938079100931341.wav (OK)
2025-11-06 08:30:56,050 - INFO - SUCCESS: c:\Users\CelinaB\Documents\FHDW\Semester 5\Projekt Algorithmen\Viralytics\Viralitaetsanalyse\tiktok_100_vs_100\Normal_100\normal_20_likes_55500_id_7528464534936358199.mp4 -> normal_20_likes_55500_id_7528464534936358199.wav (OK)
2025-11-06 08:30:57,841 - INFO - SUCCESS: c:\Users\CelinaB\Documents\FHDW\Semester 5\Projekt Algorithmen\Viralytics\Viralitaetsanalyse\tiktok_100_vs_100\Normal_100\normal_21_likes_23000_id_7532257687514451213.mp4 -> normal_21_likes_23000_id_7532257687514451213.wav (OK)
2025-11-06 08:30:59,841 - INFO - SUCCESS: c:\Users\CelinaB\Documents\FHDW\Semester 5\Projekt Algorithmen\Viralytics\Viralitaetsanalyse\tiktok_100_vs_100\Normal_100\normal_22_likes_47900_id_7239370205254929710.mp4 -> normal_22_likes_47900_id_7239370205254929710.wav (OK)
2025-11-06 08:31:01,634 - INFO - SUCCESS: c:\Users\CelinaB\Documents\FHDW\Semester 5\Projekt Algorithmen\Viralytics\Viralitaetsanalyse\tiktok_100_vs_100\Normal_100\normal_23_likes_59200_id_7555904765448768781.mp4 -> normal_23_likes_59200_id_7555904765448768781.wav (OK)
2025-11-06 08:31:03,226 - INFO - SUCCESS: c:\Users\CelinaB\Documents\FHDW\Semester 5\Projekt Algorithmen\Viralytics\Viralitaetsanalyse\tiktok_100_vs_100\Normal_100\normal_24_likes_107000_id_7553295954502225166.mp4 -> normal_24_likes_107000_id_7553295954502225166.wav (OK)
2025-11-06 08:31:04,967 - INFO - SUCCESS: c:\Users\CelinaB\Documents\FHDW\Semester 5\Projekt Algorithmen\Viralytics\Viralitaetsanalyse\tiktok_100_vs_100\Normal_100\normal_25_likes_57200_id_7558207954617453832.mp4 -> normal_25_likes_57200_id_7558207954617453832.wav (OK)
2025-11-06 08:31:06,894 - INFO - SUCCESS: c:\Users\CelinaB\Documents\FHDW\Semester 5\Projekt Algorithmen\Viralytics\Viralitaetsanalyse\tiktok_100_vs_100\Normal_100\normal_26_likes_85000_id_7437523439310654750.mp4 -> normal_26_likes_85000_id_7437523439310654750.wav (OK)
2025-11-06 08:31:08,810 - INFO - SUCCESS: c:\Users\CelinaB\Documents\FHDW\Semester 5\Projekt Algorithmen\Viralytics\Viralitaetsanalyse\tiktok_100_vs_100\Normal_100\normal_27_likes_15400_id_7557131004574436622.mp4 -> normal_27_likes_15400_id_7557131004574436622.wav (OK)
2025-11-06 08:31:10,728 - INFO - SUCCESS: c:\Users\CelinaB\Documents\FHDW\Semester 5\Projekt Algorithmen\Viralytics\Viralitaetsanalyse\tiktok_100_vs_100\Normal_100\normal_29_likes_24600_id_7551785289518288183.mp4 -> normal_29_likes_24600_id_7551785289518288183.wav (OK)
2025-11-06 08:31:12,578 - INFO - SUCCESS: c:\Users\CelinaB\Documents\FHDW\Semester 5\Projekt Algorithmen\Viralytics\Viralitaetsanalyse\tiktok_100_vs_100\Normal_100\normal_2_likes_58100_id_7525148037694393614.mp4 -> normal_2_likes_58100_id_7525148037694393614.wav (OK)
2025-11-06 08:31:14,361 - INFO - SUCCESS: c:\Users\CelinaB\Documents\FHDW\Semester 5\Projekt Algorithmen\Viralytics\Viralitaetsanalyse\tiktok_100_vs_100\Normal_100\normal_30_likes_37900_id_7493347618081475886.mp4 -> normal_30_likes_37900_id_7493347618081475886.wav (OK)
2025-11-06 08:31:16,189 - INFO - SUCCESS: c:\Users\CelinaB\Documents\FHDW\Semester 5\Projekt Algorithmen\Viralytics\Viralitaetsanalyse\tiktok_100_vs_100\Normal_100\normal_31_likes_15900_id_7483004941213322542.mp4 -> normal_31_likes_15900_id_7483004941213322542.wav (OK)
2025-11-06 08:31:18,259 - INFO - SUCCESS: c:\Users\CelinaB\Documents\FHDW\Semester 5\Projekt Algorithmen\Viralytics\Viralitaetsanalyse\tiktok_100_vs_100\Normal_100\normal_32_likes_41600_id_7493294519652224302.mp4 -> normal_32_likes_41600_id_7493294519652224302.wav (OK)
2025-11-06 08:31:19,983 - INFO - SUCCESS: c:\Users\CelinaB\Documents\FHDW\Semester 5\Projekt Algorithmen\Viralytics\Viralitaetsanalyse\tiktok_100_vs_100\Normal_100\normal_33_likes_86700_id_7523247946826075422.mp4 -> normal_33_likes_86700_id_7523247946826075422.wav (OK)
2025-11-06 08:31:21,705 - INFO - SUCCESS: c:\Users\CelinaB\Documents\FHDW\Semester 5\Projekt Algorithmen\Viralytics\Viralitaetsanalyse\tiktok_100_vs_100\Normal_100\normal_34_likes_22700_id_7538142607772257550.mp4 -> normal_34_likes_22700_id_7538142607772257550.wav (OK)
2025-11-06 08:31:23,638 - INFO - SUCCESS: c:\Users\CelinaB\Documents\FHDW\Semester 5\Projekt Algorithmen\Viralytics\Viralitaetsanalyse\tiktok_100_vs_100\Normal_100\normal_35_likes_58200_id_7540363753703869751.mp4 -> normal_35_likes_58200_id_7540363753703869751.wav (OK)
2025-11-06 08:31:25,571 - INFO - SUCCESS: c:\Users\CelinaB\Documents\FHDW\Semester 5\Projekt Algorithmen\Viralytics\Viralitaetsanalyse\tiktok_100_vs_100\Normal_100\normal_36_likes_12100_id_7556652844523310367.mp4 -> normal_36_likes_12100_id_7556652844523310367.wav (OK)
2025-11-06 08:31:27,501 - INFO - SUCCESS: c:\Users\CelinaB\Documents\FHDW\Semester 5\Projekt Algorithmen\Viralytics\Viralitaetsanalyse\tiktok_100_vs_100\Normal_100\normal_37_likes_75000_id_7564143939821784350.mp4 -> normal_37_likes_75000_id_7564143939821784350.wav (OK)
2025-11-06 08:31:29,195 - INFO - SUCCESS: c:\Users\CelinaB\Documents\FHDW\Semester 5\Projekt Algorithmen\Viralytics\Viralitaetsanalyse\tiktok_100_vs_100\Normal_100\normal_38_likes_52700_id_7396801365420461358.mp4 -> normal_38_likes_52700_id_7396801365420461358.wav (OK)
2025-11-06 08:31:31,291 - INFO - SUCCESS: c:\Users\CelinaB\Documents\FHDW\Semester 5\Projekt Algorithmen\Viralytics\Viralitaetsanalyse\tiktok_100_vs_100\Normal_100\normal_39_likes_107200_id_7544374389890927886.mp4 -> normal_39_likes_107200_id_7544374389890927886.wav (OK)
2025-11-06 08:31:33,344 - INFO - SUCCESS: c:\Users\CelinaB\Documents\FHDW\Semester 5\Projekt Algorithmen\Viralytics\Viralitaetsanalyse\tiktok_100_vs_100\Normal_100\normal_3_likes_31800_id_7540683047117540663.mp4 -> normal_3_likes_31800_id_7540683047117540663.wav (OK)
2025-11-06 08:31:34,951 - INFO - SUCCESS: c:\Users\CelinaB\Documents\FHDW\Semester 5\Projekt Algorithmen\Viralytics\Viralitaetsanalyse\tiktok_100_vs_100\Normal_100\normal_40_likes_27500_id_7416040047637433630.mp4 -> normal_40_likes_27500_id_7416040047637433630.wav (OK)
2025-11-06 08:31:36,547 - INFO - SUCCESS: c:\Users\CelinaB\Documents\FHDW\Semester 5\Projekt Algorithmen\Viralytics\Viralitaetsanalyse\tiktok_100_vs_100\Normal_100\normal_41_likes_43400_id_7553422683011091743.mp4 -> normal_41_likes_43400_id_7553422683011091743.wav (OK)
2025-11-06 08:31:38,266 - INFO - SUCCESS: c:\Users\CelinaB\Documents\FHDW\Semester 5\Projekt Algorithmen\Viralytics\Viralitaetsanalyse\tiktok_100_vs_100\Normal_100\normal_42_likes_71700_id_7556690079058529567.mp4 -> normal_42_likes_71700_id_7556690079058529567.wav (OK)
2025-11-06 08:31:40,011 - INFO - SUCCESS: c:\Users\CelinaB\Documents\FHDW\Semester 5\Projekt Algorithmen\Viralytics\Viralitaetsanalyse\tiktok_100_vs_100\Normal_100\normal_43_likes_17700_id_7562334301166013718.mp4 -> normal_43_likes_17700_id_7562334301166013718.wav (OK)
2025-11-06 08:31:42,073 - INFO - SUCCESS: c:\Users\CelinaB\Documents\FHDW\Semester 5\Projekt Algorithmen\Viralytics\Viralitaetsanalyse\tiktok_100_vs_100\Normal_100\normal_44_likes_59100_id_7303636279936322862.mp4 -> normal_44_likes_59100_id_7303636279936322862.wav (OK)
2025-11-06 08:31:43,914 - INFO - SUCCESS: c:\Users\CelinaB\Documents\FHDW\Semester 5\Projekt Algorithmen\Viralytics\Viralitaetsanalyse\tiktok_100_vs_100\Normal_100\normal_45_likes_34400_id_7564156976251325703.mp4 -> normal_45_likes_34400_id_7564156976251325703.wav (OK)
2025-11-06 08:31:45,635 - INFO - SUCCESS: c:\Users\CelinaB\Documents\FHDW\Semester 5\Projekt Algorithmen\Viralytics\Viralitaetsanalyse\tiktok_100_vs_100\Normal_100\normal_46_likes_82100_id_7558847527311740174.mp4 -> normal_46_likes_82100_id_7558847527311740174.wav (OK)
2025-11-06 08:31:47,835 - INFO - SUCCESS: c:\Users\CelinaB\Documents\FHDW\Semester 5\Projekt Algorithmen\Viralytics\Viralitaetsanalyse\tiktok_100_vs_100\Normal_100\normal_47_likes_21400_id_7463295674528828718.mp4 -> normal_47_likes_21400_id_7463295674528828718.wav (OK)
2025-11-06 08:31:49,692 - INFO - SUCCESS: c:\Users\CelinaB\Documents\FHDW\Semester 5\Projekt Algorithmen\Viralytics\Viralitaetsanalyse\tiktok_100_vs_100\Normal_100\normal_48_likes_62200_id_7418187878360026399.mp4 -> normal_48_likes_62200_id_7418187878360026399.wav (OK)
2025-11-06 08:31:51,267 - INFO - SUCCESS: c:\Users\CelinaB\Documents\FHDW\Semester 5\Projekt Algorithmen\Viralytics\Viralitaetsanalyse\tiktok_100_vs_100\Normal_100\normal_49_likes_11600_id_7558253309941927223.mp4 -> normal_49_likes_11600_id_7558253309941927223.wav (OK)
2025-11-06 08:31:52,990 - INFO - SUCCESS: c:\Users\CelinaB\Documents\FHDW\Semester 5\Projekt Algorithmen\Viralytics\Viralitaetsanalyse\tiktok_100_vs_100\Normal_100\normal_4_likes_17400_id_7558248534412152077.mp4 -> normal_4_likes_17400_id_7558248534412152077.wav (OK)
2025-11-06 08:31:54,803 - INFO - SUCCESS: c:\Users\CelinaB\Documents\FHDW\Semester 5\Projekt Algorithmen\Viralytics\Viralitaetsanalyse\tiktok_100_vs_100\Normal_100\normal_50_likes_93500_id_7545914679911107854.mp4 -> normal_50_likes_93500_id_7545914679911107854.wav (OK)
2025-11-06 08:31:56,546 - INFO - SUCCESS: c:\Users\CelinaB\Documents\FHDW\Semester 5\Projekt Algorithmen\Viralytics\Viralitaetsanalyse\tiktok_100_vs_100\Normal_100\normal_51_likes_21100_id_7533277722089442590.mp4 -> normal_51_likes_21100_id_7533277722089442590.wav (OK)
2025-11-06 08:31:58,126 - INFO - SUCCESS: c:\Users\CelinaB\Documents\FHDW\Semester 5\Projekt Algorithmen\Viralytics\Viralitaetsanalyse\tiktok_100_vs_100\Normal_100\normal_52_likes_62500_id_7527804631657794846.mp4 -> normal_52_likes_62500_id_7527804631657794846.wav (OK)
2025-11-06 08:31:59,802 - INFO - SUCCESS: c:\Users\CelinaB\Documents\FHDW\Semester 5\Projekt Algorithmen\Viralytics\Viralitaetsanalyse\tiktok_100_vs_100\Normal_100\normal_53_likes_37000_id_7559227794656398605.mp4 -> normal_53_likes_37000_id_7559227794656398605.wav (OK)
2025-11-06 08:32:01,451 - INFO - SUCCESS: c:\Users\CelinaB\Documents\FHDW\Semester 5\Projekt Algorithmen\Viralytics\Viralitaetsanalyse\tiktok_100_vs_100\Normal_100\normal_54_likes_26200_id_7564186910306913550.mp4 -> normal_54_likes_26200_id_7564186910306913550.wav (OK)
2025-11-06 08:32:03,073 - INFO - SUCCESS: c:\Users\CelinaB\Documents\FHDW\Semester 5\Projekt Algorithmen\Viralytics\Viralitaetsanalyse\tiktok_100_vs_100\Normal_100\normal_55_likes_111100_id_7418609202073046302.mp4 -> normal_55_likes_111100_id_7418609202073046302.wav (OK)
2025-11-06 08:32:04,871 - INFO - SUCCESS: c:\Users\CelinaB\Documents\FHDW\Semester 5\Projekt Algorithmen\Viralytics\Viralitaetsanalyse\tiktok_100_vs_100\Normal_100\normal_56_likes_18100_id_7524003882544926007.mp4 -> normal_56_likes_18100_id_7524003882544926007.wav (OK)
2025-11-06 08:32:07,090 - INFO - SUCCESS: c:\Users\CelinaB\Documents\FHDW\Semester 5\Projekt Algorithmen\Viralytics\Viralitaetsanalyse\tiktok_100_vs_100\Normal_100\normal_57_likes_13500_id_7518459843343060238.mp4 -> normal_57_likes_13500_id_7518459843343060238.wav (OK)
2025-11-06 08:32:08,640 - INFO - SUCCESS: c:\Users\CelinaB\Documents\FHDW\Semester 5\Projekt Algorithmen\Viralytics\Viralitaetsanalyse\tiktok_100_vs_100\Normal_100\normal_58_likes_76600_id_7525596263971114270.mp4 -> normal_58_likes_76600_id_7525596263971114270.wav (OK)
2025-11-06 08:32:10,554 - INFO - SUCCESS: c:\Users\CelinaB\Documents\FHDW\Semester 5\Projekt Algorithmen\Viralytics\Viralitaetsanalyse\tiktok_100_vs_100\Normal_100\normal_59_likes_47900_id_7535597272009116958.mp4 -> normal_59_likes_47900_id_7535597272009116958.wav (OK)
2025-11-06 08:32:12,493 - INFO - SUCCESS: c:\Users\CelinaB\Documents\FHDW\Semester 5\Projekt Algorithmen\Viralytics\Viralitaetsanalyse\tiktok_100_vs_100\Normal_100\normal_5_likes_43000_id_7506913208318496046.mp4 -> normal_5_likes_43000_id_7506913208318496046.wav (OK)
2025-11-06 08:32:14,123 - INFO - SUCCESS: c:\Users\CelinaB\Documents\FHDW\Semester 5\Projekt Algorithmen\Viralytics\Viralitaetsanalyse\tiktok_100_vs_100\Normal_100\normal_60_likes_50100_id_7561200888036003103.mp4 -> normal_60_likes_50100_id_7561200888036003103.wav (OK)
2025-11-06 08:32:15,738 - INFO - SUCCESS: c:\Users\CelinaB\Documents\FHDW\Semester 5\Projekt Algorithmen\Viralytics\Viralitaetsanalyse\tiktok_100_vs_100\Normal_100\normal_61_likes_59200_id_7557534743001074974.mp4 -> normal_61_likes_59200_id_7557534743001074974.wav (OK)
2025-11-06 08:32:17,564 - INFO - SUCCESS: c:\Users\CelinaB\Documents\FHDW\Semester 5\Projekt Algorithmen\Viralytics\Viralitaetsanalyse\tiktok_100_vs_100\Normal_100\normal_62_likes_77200_id_7552317372590214431.mp4 -> normal_62_likes_77200_id_7552317372590214431.wav (OK)
2025-11-06 08:32:19,326 - INFO - SUCCESS: c:\Users\CelinaB\Documents\FHDW\Semester 5\Projekt Algorithmen\Viralytics\Viralitaetsanalyse\tiktok_100_vs_100\Normal_100\normal_63_likes_105400_id_7513261762968341806.mp4 -> normal_63_likes_105400_id_7513261762968341806.wav (OK)
2025-11-06 08:32:21,250 - INFO - SUCCESS: c:\Users\CelinaB\Documents\FHDW\Semester 5\Projekt Algorithmen\Viralytics\Viralitaetsanalyse\tiktok_100_vs_100\Normal_100\normal_64_likes_10600_id_7483001771346922794.mp4 -> normal_64_likes_10600_id_7483001771346922794.wav (OK)
2025-11-06 08:32:22,968 - INFO - SUCCESS: c:\Users\CelinaB\Documents\FHDW\Semester 5\Projekt Algorithmen\Viralytics\Viralitaetsanalyse\tiktok_100_vs_100\Normal_100\normal_65_likes_74500_id_7560117671044451598.mp4 -> normal_65_likes_74500_id_7560117671044451598.wav (OK)
2025-11-06 08:32:24,782 - INFO - SUCCESS: c:\Users\CelinaB\Documents\FHDW\Semester 5\Projekt Algorithmen\Viralytics\Viralitaetsanalyse\tiktok_100_vs_100\Normal_100\normal_66_likes_55200_id_7557540715673373966.mp4 -> normal_66_likes_55200_id_7557540715673373966.wav (OK)
2025-11-06 08:32:26,830 - INFO - SUCCESS: c:\Users\CelinaB\Documents\FHDW\Semester 5\Projekt Algorithmen\Viralytics\Viralitaetsanalyse\tiktok_100_vs_100\Normal_100\normal_67_likes_14300_id_7516941123676294430.mp4 -> normal_67_likes_14300_id_7516941123676294430.wav (OK)
2025-11-06 08:32:28,609 - INFO - SUCCESS: c:\Users\CelinaB\Documents\FHDW\Semester 5\Projekt Algorithmen\Viralytics\Viralitaetsanalyse\tiktok_100_vs_100\Normal_100\normal_68_likes_49600_id_7553693101458541837.mp4 -> normal_68_likes_49600_id_7553693101458541837.wav (OK)
2025-11-06 08:32:30,229 - INFO - SUCCESS: c:\Users\CelinaB\Documents\FHDW\Semester 5\Projekt Algorithmen\Viralytics\Viralitaetsanalyse\tiktok_100_vs_100\Normal_100\normal_69_likes_91200_id_7533276670954884407.mp4 -> normal_69_likes_91200_id_7533276670954884407.wav (OK)
2025-11-06 08:32:31,927 - INFO - SUCCESS: c:\Users\CelinaB\Documents\FHDW\Semester 5\Projekt Algorithmen\Viralytics\Viralitaetsanalyse\tiktok_100_vs_100\Normal_100\normal_6_likes_32300_id_7564181866035678519.mp4 -> normal_6_likes_32300_id_7564181866035678519.wav (OK)
2025-11-06 08:32:33,625 - INFO - SUCCESS: c:\Users\CelinaB\Documents\FHDW\Semester 5\Projekt Algorithmen\Viralytics\Viralitaetsanalyse\tiktok_100_vs_100\Normal_100\normal_70_likes_63900_id_7483228758514896174.mp4 -> normal_70_likes_63900_id_7483228758514896174.wav (OK)
2025-11-06 08:32:35,340 - INFO - SUCCESS: c:\Users\CelinaB\Documents\FHDW\Semester 5\Projekt Algorithmen\Viralytics\Viralitaetsanalyse\tiktok_100_vs_100\Normal_100\normal_71_likes_52200_id_7433507168529304862.mp4 -> normal_71_likes_52200_id_7433507168529304862.wav (OK)
2025-11-06 08:32:37,040 - INFO - SUCCESS: c:\Users\CelinaB\Documents\FHDW\Semester 5\Projekt Algorithmen\Viralytics\Viralitaetsanalyse\tiktok_100_vs_100\Normal_100\normal_72_likes_56500_id_7559395696504245517.mp4 -> normal_72_likes_56500_id_7559395696504245517.wav (OK)
2025-11-06 08:32:38,694 - INFO - SUCCESS: c:\Users\CelinaB\Documents\FHDW\Semester 5\Projekt Algorithmen\Viralytics\Viralitaetsanalyse\tiktok_100_vs_100\Normal_100\normal_73_likes_27100_id_7535131930182815031.mp4 -> normal_73_likes_27100_id_7535131930182815031.wav (OK)
2025-11-06 08:32:40,571 - INFO - SUCCESS: c:\Users\CelinaB\Documents\FHDW\Semester 5\Projekt Algorithmen\Viralytics\Viralitaetsanalyse\tiktok_100_vs_100\Normal_100\normal_74_likes_42000_id_7526832928811207991.mp4 -> normal_74_likes_42000_id_7526832928811207991.wav (OK)
2025-11-06 08:32:42,905 - INFO - SUCCESS: c:\Users\CelinaB\Documents\FHDW\Semester 5\Projekt Algorithmen\Viralytics\Viralitaetsanalyse\tiktok_100_vs_100\Normal_100\normal_75_likes_31000_id_7548837577323711758.mp4 -> normal_75_likes_31000_id_7548837577323711758.wav (OK)
2025-11-06 08:32:44,555 - INFO - SUCCESS: c:\Users\CelinaB\Documents\FHDW\Semester 5\Projekt Algorithmen\Viralytics\Viralitaetsanalyse\tiktok_100_vs_100\Normal_100\normal_76_likes_34000_id_7538577100836539703.mp4 -> normal_76_likes_34000_id_7538577100836539703.wav (OK)
2025-11-06 08:32:46,397 - INFO - SUCCESS: c:\Users\CelinaB\Documents\FHDW\Semester 5\Projekt Algorithmen\Viralytics\Viralitaetsanalyse\tiktok_100_vs_100\Normal_100\normal_77_likes_27500_id_7562335351113649430.mp4 -> normal_77_likes_27500_id_7562335351113649430.wav (OK)
2025-11-06 08:32:48,029 - INFO - SUCCESS: c:\Users\CelinaB\Documents\FHDW\Semester 5\Projekt Algorithmen\Viralytics\Viralitaetsanalyse\tiktok_100_vs_100\Normal_100\normal_78_likes_65800_id_7561456867231206711.mp4 -> normal_78_likes_65800_id_7561456867231206711.wav (OK)
2025-11-06 08:32:49,780 - INFO - SUCCESS: c:\Users\CelinaB\Documents\FHDW\Semester 5\Projekt Algorithmen\Viralytics\Viralitaetsanalyse\tiktok_100_vs_100\Normal_100\normal_7_likes_44200_id_7546373233260449038.mp4 -> normal_7_likes_44200_id_7546373233260449038.wav (OK)
2025-11-06 08:32:51,631 - INFO - SUCCESS: c:\Users\CelinaB\Documents\FHDW\Semester 5\Projekt Algorithmen\Viralytics\Viralitaetsanalyse\tiktok_100_vs_100\Normal_100\normal_80_likes_32200_id_7397877687269772574.mp4 -> normal_80_likes_32200_id_7397877687269772574.wav (OK)
2025-11-06 08:32:53,793 - INFO - SUCCESS: c:\Users\CelinaB\Documents\FHDW\Semester 5\Projekt Algorithmen\Viralytics\Viralitaetsanalyse\tiktok_100_vs_100\Normal_100\normal_82_likes_40900_id_7561859064007773453.mp4 -> normal_82_likes_40900_id_7561859064007773453.wav (OK)
2025-11-06 08:32:55,471 - INFO - SUCCESS: c:\Users\CelinaB\Documents\FHDW\Semester 5\Projekt Algorithmen\Viralytics\Viralitaetsanalyse\tiktok_100_vs_100\Normal_100\normal_83_likes_34700_id_7556665618670406925.mp4 -> normal_83_likes_34700_id_7556665618670406925.wav (OK)
2025-11-06 08:32:57,321 - INFO - SUCCESS: c:\Users\CelinaB\Documents\FHDW\Semester 5\Projekt Algorithmen\Viralytics\Viralitaetsanalyse\tiktok_100_vs_100\Normal_100\normal_84_likes_34600_id_7517661384499301687.mp4 -> normal_84_likes_34600_id_7517661384499301687.wav (OK)
2025-11-06 08:32:59,193 - INFO - SUCCESS: c:\Users\CelinaB\Documents\FHDW\Semester 5\Projekt Algorithmen\Viralytics\Viralitaetsanalyse\tiktok_100_vs_100\Normal_100\normal_85_likes_24000_id_7486292240898411822.mp4 -> normal_85_likes_24000_id_7486292240898411822.wav (OK)
2025-11-06 08:33:01,294 - INFO - SUCCESS: c:\Users\CelinaB\Documents\FHDW\Semester 5\Projekt Algorithmen\Viralytics\Viralitaetsanalyse\tiktok_100_vs_100\Normal_100\normal_86_likes_7795_id_7558891371189325087.mp4 -> normal_86_likes_7795_id_7558891371189325087.wav (OK)
2025-11-06 08:33:02,947 - INFO - SUCCESS: c:\Users\CelinaB\Documents\FHDW\Semester 5\Projekt Algorithmen\Viralytics\Viralitaetsanalyse\tiktok_100_vs_100\Normal_100\normal_87_likes_11900_id_7563719605663862029.mp4 -> normal_87_likes_11900_id_7563719605663862029.wav (OK)
2025-11-06 08:33:04,605 - INFO - SUCCESS: c:\Users\CelinaB\Documents\FHDW\Semester 5\Projekt Algorithmen\Viralytics\Viralitaetsanalyse\tiktok_100_vs_100\Normal_100\normal_88_likes_119500_id_7513980049121611054.mp4 -> normal_88_likes_119500_id_7513980049121611054.wav (OK)
2025-11-06 08:33:06,349 - INFO - SUCCESS: c:\Users\CelinaB\Documents\FHDW\Semester 5\Projekt Algorithmen\Viralytics\Viralitaetsanalyse\tiktok_100_vs_100\Normal_100\normal_89_likes_87600_id_7236485370542624042.mp4 -> normal_89_likes_87600_id_7236485370542624042.wav (OK)
2025-11-06 08:33:08,077 - INFO - SUCCESS: c:\Users\CelinaB\Documents\FHDW\Semester 5\Projekt Algorithmen\Viralytics\Viralitaetsanalyse\tiktok_100_vs_100\Normal_100\normal_8_likes_109500_id_7561213627798277384.mp4 -> normal_8_likes_109500_id_7561213627798277384.wav (OK)
2025-11-06 08:33:09,705 - INFO - SUCCESS: c:\Users\CelinaB\Documents\FHDW\Semester 5\Projekt Algorithmen\Viralytics\Viralitaetsanalyse\tiktok_100_vs_100\Normal_100\normal_90_likes_21700_id_7558690687093460279.mp4 -> normal_90_likes_21700_id_7558690687093460279.wav (OK)
2025-11-06 08:33:11,620 - INFO - SUCCESS: c:\Users\CelinaB\Documents\FHDW\Semester 5\Projekt Algorithmen\Viralytics\Viralitaetsanalyse\tiktok_100_vs_100\Normal_100\normal_91_likes_43400_id_7506899936903007531.mp4 -> normal_91_likes_43400_id_7506899936903007531.wav (OK)
2025-11-06 08:33:13,373 - INFO - SUCCESS: c:\Users\CelinaB\Documents\FHDW\Semester 5\Projekt Algorithmen\Viralytics\Viralitaetsanalyse\tiktok_100_vs_100\Normal_100\normal_92_likes_68900_id_7481987417357012267.mp4 -> normal_92_likes_68900_id_7481987417357012267.wav (OK)
2025-11-06 08:33:15,186 - INFO - SUCCESS: c:\Users\CelinaB\Documents\FHDW\Semester 5\Projekt Algorithmen\Viralytics\Viralitaetsanalyse\tiktok_100_vs_100\Normal_100\normal_93_likes_61900_id_7537411459005828407.mp4 -> normal_93_likes_61900_id_7537411459005828407.wav (OK)
2025-11-06 08:33:16,880 - INFO - SUCCESS: c:\Users\CelinaB\Documents\FHDW\Semester 5\Projekt Algorithmen\Viralytics\Viralitaetsanalyse\tiktok_100_vs_100\Normal_100\normal_94_likes_113300_id_7560098104066805006.mp4 -> normal_94_likes_113300_id_7560098104066805006.wav (OK)
2025-11-06 08:33:18,744 - INFO - SUCCESS: c:\Users\CelinaB\Documents\FHDW\Semester 5\Projekt Algorithmen\Viralytics\Viralitaetsanalyse\tiktok_100_vs_100\Normal_100\normal_95_likes_12700_id_7541623233842269470.mp4 -> normal_95_likes_12700_id_7541623233842269470.wav (OK)
2025-11-06 08:33:20,407 - INFO - SUCCESS: c:\Users\CelinaB\Documents\FHDW\Semester 5\Projekt Algorithmen\Viralytics\Viralitaetsanalyse\tiktok_100_vs_100\Normal_100\normal_96_likes_84500_id_7417155830354677022.mp4 -> normal_96_likes_84500_id_7417155830354677022.wav (OK)
2025-11-06 08:33:22,081 - INFO - SUCCESS: c:\Users\CelinaB\Documents\FHDW\Semester 5\Projekt Algorithmen\Viralytics\Viralitaetsanalyse\tiktok_100_vs_100\Normal_100\normal_97_likes_76300_id_7563467582280420616.mp4 -> normal_97_likes_76300_id_7563467582280420616.wav (OK)
2025-11-06 08:33:23,798 - INFO - SUCCESS: c:\Users\CelinaB\Documents\FHDW\Semester 5\Projekt Algorithmen\Viralytics\Viralitaetsanalyse\tiktok_100_vs_100\Normal_100\normal_98_likes_113000_id_7560114759442484487.mp4 -> normal_98_likes_113000_id_7560114759442484487.wav (OK)
2025-11-06 08:33:25,732 - INFO - SUCCESS: c:\Users\CelinaB\Documents\FHDW\Semester 5\Projekt Algorithmen\Viralytics\Viralitaetsanalyse\tiktok_100_vs_100\Normal_100\normal_99_likes_110000_id_7548522029700353293.mp4 -> normal_99_likes_110000_id_7548522029700353293.wav (OK)
2025-11-06 08:33:27,538 - INFO - SUCCESS: c:\Users\CelinaB\Documents\FHDW\Semester 5\Projekt Algorithmen\Viralytics\Viralitaetsanalyse\tiktok_100_vs_100\Normal_100\normal_9_likes_9707_id_7559684939684400414.mp4 -> normal_9_likes_9707_id_7559684939684400414.wav (OK)
2025-11-06 08:33:27,833 - INFO - --- Extraction summary ---
2025-11-06 08:33:27,834 - INFO - Total videos found: 197
2025-11-06 08:33:27,834 - INFO - Processed: 197
2025-11-06 08:33:27,835 - INFO - Successful exports: 197
2025-11-06 08:33:27,836 - INFO - Failures: 0
